Archive member included to satisfy reference by file (symbol)

/home/king/realOS/sysroot/usr/lib/libc.a(__init_libc.o)
                              /home/king/realOS/sysroot/usr/lib/crt0.o (__init_libc)
/home/king/realOS/sysroot/usr/lib/libc.a(printf.o)
                              build/main.o (printf)
/home/king/realOS/sysroot/usr/lib/libc.a(putchar.o)
                              /home/king/realOS/sysroot/usr/lib/libc.a(printf.o) (putchar)
/home/king/realOS/sysroot/usr/lib/libc.a(puts.o)
                              build/main.o (puts)
/home/king/realOS/sysroot/usr/lib/libc.a(malloc.o)
                              build/main.o (malloc)
/home/king/realOS/sysroot/usr/lib/libc.a(abort.o)
                              build/main.o (abort)
/home/king/realOS/sysroot/usr/lib/libc.a(exit.o)
                              /home/king/realOS/sysroot/usr/lib/crt0.o (exit)
/home/king/realOS/sysroot/usr/lib/libc.a(init.o)
                              build/main.o (fseek)
/home/king/realOS/sysroot/usr/lib/libc.a(compound.o)
                              build/main.o (fread)
/home/king/realOS/sysroot/usr/lib/libc.a(formatted.o)
                              /home/king/realOS/sysroot/usr/lib/libc.a(printf.o) (vfprintf)
/home/king/realOS/sysroot/usr/lib/libc.a(ui.o)
                              build/main.o (fb_cpy)
/home/king/realOS/sysroot/usr/lib/libc.a(syscall_helpers.o)
                              /home/king/realOS/sysroot/usr/lib/libc.a(ui.o) (syscall_4)
/home/king/realOS/sysroot/usr/lib/libc.a(syscalls.o)
                              /home/king/realOS/sysroot/usr/lib/libc.a(init.o) (write)
/home/king/realOS/sysroot/usr/lib/libc.a(memcpy.o)
                              /home/king/realOS/sysroot/usr/lib/libc.a(compound.o) (memcpy)
/home/king/realOS/sysroot/usr/lib/libc.a(strlen.o)
                              /home/king/realOS/sysroot/usr/lib/libc.a(formatted.o) (strlen)
/home/king/realOS/sysroot/usr/lib/libc.a(sscanf.o)
                              /home/king/realOS/sysroot/usr/lib/libc.a(formatted.o) (scanf_int)
/home/king/realOS/sysroot/usr/lib/libc.a(isspace.o)
                              /home/king/realOS/sysroot/usr/lib/libc.a(sscanf.o) (isspace)
/home/king/osst/lib/gcc/i686-myos/12.2.0/libgcc.a(_udivdi3.o)
                              /home/king/realOS/sysroot/usr/lib/libc.a(compound.o) (__udivdi3)

Discarded input sections

 .data          0x0000000000000000        0x0 /home/king/realOS/sysroot/usr/lib/crt0.o
 .bss           0x0000000000000000        0x0 /home/king/realOS/sysroot/usr/lib/crt0.o
 .text          0x0000000000000000        0x0 /home/king/osst/lib/gcc/i686-myos/12.2.0/crti.o
 .data          0x0000000000000000        0x0 /home/king/osst/lib/gcc/i686-myos/12.2.0/crti.o
 .bss           0x0000000000000000        0x0 /home/king/osst/lib/gcc/i686-myos/12.2.0/crti.o
 .data          0x0000000000000000        0x4 /home/king/osst/lib/gcc/i686-myos/12.2.0/crtbegin.o
 .rodata        0x0000000000000000       0x3e /home/king/osst/lib/gcc/i686-myos/12.2.0/crtbegin.o
 .group         0x0000000000000000        0xc build/main.o
 .group         0x0000000000000000        0xc build/main.o
 .group         0x0000000000000000        0xc build/main.o
 .group         0x0000000000000000        0xc build/main.o
 .group         0x0000000000000000        0xc build/main.o
 .group         0x0000000000000000        0xc build/main.o
 .group         0x0000000000000000        0xc build/main.o
 .group         0x0000000000000000        0xc build/main.o
 .data          0x0000000000000000        0x0 /home/king/realOS/sysroot/usr/lib/libc.a(__init_libc.o)
 .bss           0x0000000000000000        0x0 /home/king/realOS/sysroot/usr/lib/libc.a(__init_libc.o)
 .data          0x0000000000000000        0x0 /home/king/realOS/sysroot/usr/lib/libc.a(printf.o)
 .bss           0x0000000000000000        0x0 /home/king/realOS/sysroot/usr/lib/libc.a(printf.o)
 .data          0x0000000000000000        0x0 /home/king/realOS/sysroot/usr/lib/libc.a(putchar.o)
 .bss           0x0000000000000000        0x0 /home/king/realOS/sysroot/usr/lib/libc.a(putchar.o)
 .data          0x0000000000000000        0x0 /home/king/realOS/sysroot/usr/lib/libc.a(puts.o)
 .bss           0x0000000000000000        0x0 /home/king/realOS/sysroot/usr/lib/libc.a(puts.o)
 .data          0x0000000000000000        0x0 /home/king/realOS/sysroot/usr/lib/libc.a(malloc.o)
 .rodata        0x0000000000000000        0x4 /home/king/realOS/sysroot/usr/lib/libc.a(malloc.o)
 .data          0x0000000000000000        0x0 /home/king/realOS/sysroot/usr/lib/libc.a(abort.o)
 .bss           0x0000000000000000        0x0 /home/king/realOS/sysroot/usr/lib/libc.a(abort.o)
 .data          0x0000000000000000        0x0 /home/king/realOS/sysroot/usr/lib/libc.a(exit.o)
 .bss           0x0000000000000000        0x0 /home/king/realOS/sysroot/usr/lib/libc.a(exit.o)
 .data          0x0000000000000000        0x0 /home/king/realOS/sysroot/usr/lib/libc.a(compound.o)
 .bss           0x0000000000000000        0x0 /home/king/realOS/sysroot/usr/lib/libc.a(compound.o)
 .data          0x0000000000000000        0x0 /home/king/realOS/sysroot/usr/lib/libc.a(formatted.o)
 .bss           0x0000000000000000        0x0 /home/king/realOS/sysroot/usr/lib/libc.a(formatted.o)
 .data          0x0000000000000000        0x0 /home/king/realOS/sysroot/usr/lib/libc.a(ui.o)
 .bss           0x0000000000000000        0x0 /home/king/realOS/sysroot/usr/lib/libc.a(ui.o)
 .data          0x0000000000000000        0x0 /home/king/realOS/sysroot/usr/lib/libc.a(syscall_helpers.o)
 .bss           0x0000000000000000        0x0 /home/king/realOS/sysroot/usr/lib/libc.a(syscall_helpers.o)
 .data          0x0000000000000000        0x0 /home/king/realOS/sysroot/usr/lib/libc.a(syscalls.o)
 .bss           0x0000000000000000        0x0 /home/king/realOS/sysroot/usr/lib/libc.a(syscalls.o)
 .data          0x0000000000000000        0x0 /home/king/realOS/sysroot/usr/lib/libc.a(memcpy.o)
 .bss           0x0000000000000000        0x0 /home/king/realOS/sysroot/usr/lib/libc.a(memcpy.o)
 .data          0x0000000000000000        0x0 /home/king/realOS/sysroot/usr/lib/libc.a(strlen.o)
 .bss           0x0000000000000000        0x0 /home/king/realOS/sysroot/usr/lib/libc.a(strlen.o)
 .data          0x0000000000000000        0x0 /home/king/realOS/sysroot/usr/lib/libc.a(sscanf.o)
 .bss           0x0000000000000000        0x0 /home/king/realOS/sysroot/usr/lib/libc.a(sscanf.o)
 .data          0x0000000000000000        0x0 /home/king/realOS/sysroot/usr/lib/libc.a(isspace.o)
 .bss           0x0000000000000000        0x0 /home/king/realOS/sysroot/usr/lib/libc.a(isspace.o)
 .data          0x0000000000000000        0x0 /home/king/osst/lib/gcc/i686-myos/12.2.0/libgcc.a(_udivdi3.o)
 .bss           0x0000000000000000        0x0 /home/king/osst/lib/gcc/i686-myos/12.2.0/libgcc.a(_udivdi3.o)
 .data          0x0000000000000000        0x0 /home/king/osst/lib/gcc/i686-myos/12.2.0/crtend.o
 .bss           0x0000000000000000        0x0 /home/king/osst/lib/gcc/i686-myos/12.2.0/crtend.o
 .rodata        0x0000000000000000       0x3e /home/king/osst/lib/gcc/i686-myos/12.2.0/crtend.o
 .text          0x0000000000000000        0x0 /home/king/osst/lib/gcc/i686-myos/12.2.0/crtn.o
 .data          0x0000000000000000        0x0 /home/king/osst/lib/gcc/i686-myos/12.2.0/crtn.o
 .bss           0x0000000000000000        0x0 /home/king/osst/lib/gcc/i686-myos/12.2.0/crtn.o

Memory Configuration

Name             Origin             Length             Attributes
*default*        0x0000000000000000 0xffffffffffffffff

Linker script and memory map

LOAD /home/king/realOS/sysroot/usr/lib/crt0.o
LOAD /home/king/osst/lib/gcc/i686-myos/12.2.0/crti.o
LOAD /home/king/osst/lib/gcc/i686-myos/12.2.0/crtbegin.o
LOAD build/main.o
LOAD /home/king/osst/lib/gcc/i686-myos/12.2.0/libgcc.a
LOAD /home/king/realOS/sysroot/usr/lib/libc.a
LOAD /home/king/osst/lib/gcc/i686-myos/12.2.0/libgcc.a
LOAD /home/king/osst/lib/gcc/i686-myos/12.2.0/crtend.o
LOAD /home/king/osst/lib/gcc/i686-myos/12.2.0/crtn.o
                [!provide]                        PROVIDE (__executable_start = SEGMENT_START ("text-segment", 0x8000000))
                0x0000000008000074                . = (SEGMENT_START ("text-segment", 0x8000000) + SIZEOF_HEADERS)

.interp
 *(.interp)

.note.gnu.build-id
 *(.note.gnu.build-id)

.hash
 *(.hash)

.gnu.hash
 *(.gnu.hash)

.dynsym
 *(.dynsym)

.dynstr
 *(.dynstr)

.gnu.version
 *(.gnu.version)

.gnu.version_d
 *(.gnu.version_d)

.gnu.version_r
 *(.gnu.version_r)

.rel.dyn        0x0000000008000074        0x0
 *(.rel.init)
 *(.rel.text .rel.text.* .rel.gnu.linkonce.t.*)
 .rel.text      0x0000000008000074        0x0 /home/king/realOS/sysroot/usr/lib/crt0.o
 *(.rel.fini)
 *(.rel.rodata .rel.rodata.* .rel.gnu.linkonce.r.*)
 *(.rel.data.rel.ro .rel.data.rel.ro.* .rel.gnu.linkonce.d.rel.ro.*)
 *(.rel.data .rel.data.* .rel.gnu.linkonce.d.*)
 *(.rel.tdata .rel.tdata.* .rel.gnu.linkonce.td.*)
 *(.rel.tbss .rel.tbss.* .rel.gnu.linkonce.tb.*)
 *(.rel.ctors)
 *(.rel.dtors)
 *(.rel.got)
 .rel.got       0x0000000008000074        0x0 /home/king/realOS/sysroot/usr/lib/crt0.o
 *(.rel.bss .rel.bss.* .rel.gnu.linkonce.b.*)
 *(.rel.ifunc)

.rel.plt        0x0000000008000074        0x0
 *(.rel.plt)
                [!provide]                        PROVIDE (__rel_iplt_start = .)
 *(.rel.iplt)
 .rel.iplt      0x0000000008000074        0x0 /home/king/realOS/sysroot/usr/lib/crt0.o
                [!provide]                        PROVIDE (__rel_iplt_end = .)

.relr.dyn
 *(.relr.dyn)

.init           0x0000000008000074        0xd
 *(SORT_NONE(.init))
 .init          0x0000000008000074        0x0 /home/king/osst/lib/gcc/i686-myos/12.2.0/crti.o
                0x0000000008000074                _init
 .init          0x0000000008000074        0x5 /home/king/osst/lib/gcc/i686-myos/12.2.0/crtbegin.o
 .init          0x0000000008000079        0x5 /home/king/osst/lib/gcc/i686-myos/12.2.0/crtend.o
 .init          0x000000000800007e        0x3 /home/king/osst/lib/gcc/i686-myos/12.2.0/crtn.o

.plt            0x0000000008000081        0x0
 *(.plt)
 *(.iplt)
 .iplt          0x0000000008000081        0x0 /home/king/realOS/sysroot/usr/lib/crt0.o

.plt.got
 *(.plt.got)

.plt.sec
 *(.plt.sec)

.text           0x0000000008000090     0x1bf9
 *(.text.unlikely .text.*_unlikely .text.unlikely.*)
 *(.text.exit .text.exit.*)
 *(.text.startup .text.startup.*)
 .text.startup  0x0000000008000090      0x428 build/main.o
                0x0000000008000090                main
 *(.text.hot .text.hot.*)
 *(SORT_BY_NAME(.text.sorted.*))
 *(.text .stub .text.* .gnu.linkonce.t.*)
 .text          0x00000000080004b8       0x2d /home/king/realOS/sysroot/usr/lib/crt0.o
                0x00000000080004b8                _start
 *fill*         0x00000000080004e5        0xb 
 .text          0x00000000080004f0      0x135 /home/king/osst/lib/gcc/i686-myos/12.2.0/crtbegin.o
 .text          0x0000000008000625      0x1a7 build/main.o
                0x0000000008000625                plotWindow
                0x0000000008000718                moveWindowBy
 *fill*         0x00000000080007cc        0x4 
 .text          0x00000000080007d0        0x1 /home/king/realOS/sysroot/usr/lib/libc.a(__init_libc.o)
                0x00000000080007d0                __init_libc
 *fill*         0x00000000080007d1        0xf 
 .text          0x00000000080007e0      0x1b3 /home/king/realOS/sysroot/usr/lib/libc.a(printf.o)
                0x00000000080007e0                print_dec
                0x00000000080008a0                printf
                0x00000000080008c0                print_hex
 *fill*         0x0000000008000993        0xd 
 .text          0x00000000080009a0        0x8 /home/king/realOS/sysroot/usr/lib/libc.a(putchar.o)
                0x00000000080009a0                putchar
 *fill*         0x00000000080009a8        0x8 
 .text          0x00000000080009b0       0x15 /home/king/realOS/sysroot/usr/lib/libc.a(puts.o)
                0x00000000080009b0                puts
 *fill*         0x00000000080009c5        0xb 
 .text          0x00000000080009d0       0xa0 /home/king/realOS/sysroot/usr/lib/libc.a(malloc.o)
                0x00000000080009d0                malloc
                0x0000000008000a60                free
 .text          0x0000000008000a70       0x15 /home/king/realOS/sysroot/usr/lib/libc.a(abort.o)
                0x0000000008000a70                abort
 *fill*         0x0000000008000a85        0xb 
 .text          0x0000000008000a90        0x2 /home/king/realOS/sysroot/usr/lib/libc.a(exit.o)
                0x0000000008000a90                exit
 *fill*         0x0000000008000a92        0xe 
 .text          0x0000000008000aa0      0x6f7 /home/king/realOS/sysroot/usr/lib/libc.a(init.o)
                0x0000000008000aa0                ungetc
                0x0000000008000ad0                fgetcNoPos
                0x0000000008000bc0                fgetc
                0x0000000008000ce0                fseek
                0x0000000008000df0                fopen
                0x0000000008000f70                freopen
                0x0000000008000fa0                ftell
                0x0000000008000fc0                fflush
                0x0000000008001050                fclose
                0x00000000080010b0                fputc
 *fill*         0x0000000008001197        0x9 
 .text          0x00000000080011a0      0x22f /home/king/realOS/sysroot/usr/lib/libc.a(compound.o)
                0x00000000080011a0                fread
                0x0000000008001350                fwrite
 *fill*         0x00000000080013cf        0x1 
 .text          0x00000000080013d0      0x355 /home/king/realOS/sysroot/usr/lib/libc.a(formatted.o)
                0x00000000080013d0                fprint_hex
                0x00000000080014a0                fprint_dec
                0x0000000008001590                vfprintf
 *fill*         0x0000000008001725        0xb 
 .text          0x0000000008001730       0x3a /home/king/realOS/sysroot/usr/lib/libc.a(ui.o)
                0x0000000008001730                fb_set
                0x0000000008001750                fb_cpy
 .text          0x000000000800176a       0x8a /home/king/realOS/sysroot/usr/lib/libc.a(syscall_helpers.o)
                0x000000000800176a                syscall_1
                0x000000000800177f                syscall_2
                0x0000000008001798                syscall_3
                0x00000000080017b5                syscall_4
                0x00000000080017d6                mov_eax
                0x00000000080017df                mov_ebx
                0x00000000080017e4                mov_ecx
                0x00000000080017e9                mov_edx
                0x00000000080017ee                call_int
                0x00000000080017f1                get_esp
 *fill*         0x00000000080017f4        0xc 
 .text          0x0000000008001800       0x94 /home/king/realOS/sysroot/usr/lib/libc.a(syscalls.o)
                0x0000000008001800                write
                0x0000000008001820                lseek
                0x0000000008001840                read
                0x0000000008001860                open
                0x0000000008001880                close
 *fill*         0x0000000008001894        0xc 
 .text          0x00000000080018a0       0x1a /home/king/realOS/sysroot/usr/lib/libc.a(memcpy.o)
                0x00000000080018a0                memcpy
 *fill*         0x00000000080018ba        0x6 
 .text          0x00000000080018c0       0x1b /home/king/realOS/sysroot/usr/lib/libc.a(strlen.o)
                0x00000000080018c0                strlen
 *fill*         0x00000000080018db        0x5 
 .text          0x00000000080018e0      0x21f /home/king/realOS/sysroot/usr/lib/libc.a(sscanf.o)
                0x00000000080018e0                scanf_int
                0x0000000008001980                scanf_hex
                0x0000000008001a40                sscanf
 *fill*         0x0000000008001aff        0x1 
 .text          0x0000000008001b00       0x26 /home/king/realOS/sysroot/usr/lib/libc.a(isspace.o)
                0x0000000008001b00                isspace
 *fill*         0x0000000008001b26        0xa 
 .text          0x0000000008001b30      0x11a /home/king/osst/lib/gcc/i686-myos/12.2.0/libgcc.a(_udivdi3.o)
                0x0000000008001b30                __udivdi3
 *fill*         0x0000000008001c4a        0x6 
 .text          0x0000000008001c50       0x39 /home/king/osst/lib/gcc/i686-myos/12.2.0/crtend.o
 *(.gnu.warning)

.fini           0x0000000008001c89        0x8
 *(SORT_NONE(.fini))
 .fini          0x0000000008001c89        0x0 /home/king/osst/lib/gcc/i686-myos/12.2.0/crti.o
                0x0000000008001c89                _fini
 .fini          0x0000000008001c89        0x5 /home/king/osst/lib/gcc/i686-myos/12.2.0/crtbegin.o
 .fini          0x0000000008001c8e        0x3 /home/king/osst/lib/gcc/i686-myos/12.2.0/crtn.o
                [!provide]                        PROVIDE (__etext = .)
                [!provide]                        PROVIDE (_etext = .)
                [!provide]                        PROVIDE (etext = .)

.rodata         0x0000000008001c94      0x23c
 *(.rodata .rodata.* .gnu.linkonce.r.*)
 .rodata.str1.1
                0x0000000008001c94       0x89 build/main.o
 .rodata.str1.1
                0x0000000008001d1d        0x5 /home/king/realOS/sysroot/usr/lib/libc.a(printf.o)
 *fill*         0x0000000008001d22        0x2 
 .rodata        0x0000000008001d24       0x3e /home/king/realOS/sysroot/usr/lib/libc.a(printf.o)
 .rodata.str1.1
                0x0000000008001d62        0x4 /home/king/realOS/sysroot/usr/lib/libc.a(puts.o)
 .rodata.str1.1
                0x0000000008001d66        0xa /home/king/realOS/sysroot/usr/lib/libc.a(abort.o)
 .rodata.str1.1
                0x0000000008001d70       0x15 /home/king/realOS/sysroot/usr/lib/libc.a(init.o)
 *fill*         0x0000000008001d85        0x1 
 .rodata.cst2   0x0000000008001d86        0x2 /home/king/realOS/sysroot/usr/lib/libc.a(init.o)
 .rodata        0x0000000008001d88       0xc2 /home/king/realOS/sysroot/usr/lib/libc.a(formatted.o)
 *fill*         0x0000000008001e4a        0x2 
 .rodata        0x0000000008001e4c       0x84 /home/king/realOS/sysroot/usr/lib/libc.a(sscanf.o)

.rodata1
 *(.rodata1)

.eh_frame_hdr
 *(.eh_frame_hdr)
 *(.eh_frame_entry .eh_frame_entry.*)

.eh_frame       0x0000000008001ed0       0x68
 *(.eh_frame)
 .eh_frame      0x0000000008001ed0        0x0 /home/king/osst/lib/gcc/i686-myos/12.2.0/crtbegin.o
 .eh_frame      0x0000000008001ed0       0x64 /home/king/osst/lib/gcc/i686-myos/12.2.0/libgcc.a(_udivdi3.o)
 .eh_frame      0x0000000008001f34        0x4 /home/king/osst/lib/gcc/i686-myos/12.2.0/crtend.o
 *(.eh_frame.*)

.gcc_except_table
 *(.gcc_except_table .gcc_except_table.*)

.gnu_extab
 *(.gnu_extab*)

.exception_ranges
 *(.exception_ranges*)
                0x0000000008002f38                . = DATA_SEGMENT_ALIGN (CONSTANT (MAXPAGESIZE), CONSTANT (COMMONPAGESIZE))

.eh_frame
 *(.eh_frame)
 *(.eh_frame.*)

.gnu_extab
 *(.gnu_extab)

.gcc_except_table
 *(.gcc_except_table .gcc_except_table.*)

.exception_ranges
 *(.exception_ranges*)

.tdata          0x0000000008002f38        0x0
                [!provide]                        PROVIDE (__tdata_start = .)
 *(.tdata .tdata.* .gnu.linkonce.td.*)

.tbss
 *(.tbss .tbss.* .gnu.linkonce.tb.*)
 *(.tcommon)

.preinit_array  0x0000000008002f38        0x0
                [!provide]                        PROVIDE (__preinit_array_start = .)
 *(.preinit_array)
                [!provide]                        PROVIDE (__preinit_array_end = .)

.init_array     0x0000000008002f38        0x0
                [!provide]                        PROVIDE (__init_array_start = .)
 *(SORT_BY_INIT_PRIORITY(.init_array.*) SORT_BY_INIT_PRIORITY(.ctors.*))
 *(.init_array EXCLUDE_FILE(*crtend?.o *crtend.o *crtbegin?.o *crtbegin.o) .ctors)
                [!provide]                        PROVIDE (__init_array_end = .)

.fini_array     0x0000000008002f38        0x0
                [!provide]                        PROVIDE (__fini_array_start = .)
 *(SORT_BY_INIT_PRIORITY(.fini_array.*) SORT_BY_INIT_PRIORITY(.dtors.*))
 *(.fini_array EXCLUDE_FILE(*crtend?.o *crtend.o *crtbegin?.o *crtbegin.o) .dtors)
                [!provide]                        PROVIDE (__fini_array_end = .)

.ctors          0x0000000008002f38        0x8
 *crtbegin.o(.ctors)
 .ctors         0x0000000008002f38        0x4 /home/king/osst/lib/gcc/i686-myos/12.2.0/crtbegin.o
 *crtbegin?.o(.ctors)
 *(EXCLUDE_FILE(*crtend?.o *crtend.o) .ctors)
 *(SORT_BY_NAME(.ctors.*))
 *(.ctors)
 .ctors         0x0000000008002f3c        0x4 /home/king/osst/lib/gcc/i686-myos/12.2.0/crtend.o

.dtors          0x0000000008002f40        0x8
 *crtbegin.o(.dtors)
 .dtors         0x0000000008002f40        0x4 /home/king/osst/lib/gcc/i686-myos/12.2.0/crtbegin.o
 *crtbegin?.o(.dtors)
 *(EXCLUDE_FILE(*crtend?.o *crtend.o) .dtors)
 *(SORT_BY_NAME(.dtors.*))
 *(.dtors)
 .dtors         0x0000000008002f44        0x4 /home/king/osst/lib/gcc/i686-myos/12.2.0/crtend.o
                0x0000000008002f44                __DTOR_END__

.jcr
 *(.jcr)

.data.rel.ro
 *(.data.rel.ro.local* .gnu.linkonce.d.rel.ro.local.*)
 *(.data.rel.ro .data.rel.ro.* .gnu.linkonce.d.rel.ro.*)

.dynamic
 *(.dynamic)

.got            0x0000000008002f48        0x0
 *(.got)
 .got           0x0000000008002f48        0x0 /home/king/realOS/sysroot/usr/lib/crt0.o
 *(.igot)
                0x0000000008002f48                . = DATA_SEGMENT_RELRO_END (., (SIZEOF (.got.plt) >= 0xc)?0xc:0x0)

.got.plt        0x0000000008002f48        0x0
 *(.got.plt)
 .got.plt       0x0000000008002f48        0x0 /home/king/realOS/sysroot/usr/lib/crt0.o
 *(.igot.plt)
 .igot.plt      0x0000000008002f48        0x0 /home/king/realOS/sysroot/usr/lib/crt0.o

.data           0x0000000008002f48       0x20
 *(.data .data.* .gnu.linkonce.d.*)
 .data          0x0000000008002f48        0xc build/main.o
                0x0000000008002f48                bpp
                0x0000000008002f4c                resY
                0x0000000008002f50                resX
 .data          0x0000000008002f54       0x14 /home/king/realOS/sysroot/usr/lib/libc.a(init.o)
                0x0000000008002f54                sys_close
                0x0000000008002f58                sys_open
                0x0000000008002f5c                sys_read
                0x0000000008002f60                sys_lseek
                0x0000000008002f64                sys_write

.tm_clone_table
                0x0000000008002f68        0x0
 .tm_clone_table
                0x0000000008002f68        0x0 /home/king/osst/lib/gcc/i686-myos/12.2.0/crtbegin.o
 .tm_clone_table
                0x0000000008002f68        0x0 /home/king/osst/lib/gcc/i686-myos/12.2.0/crtend.o

.data1
 *(.data1)
                0x0000000008002f68                _edata = .
                [!provide]                        PROVIDE (edata = .)
                0x0000000008002f68                . = .
                0x0000000008002f68                __bss_start = .

.bss            0x0000000008002f68       0x38
 *(.dynbss)
 *(.bss .bss.* .gnu.linkonce.b.*)
 .bss           0x0000000008002f68       0x20 /home/king/osst/lib/gcc/i686-myos/12.2.0/crtbegin.o
 .bss           0x0000000008002f88        0x4 build/main.o
                0x0000000008002f88                buffer
 .bss           0x0000000008002f8c        0x8 /home/king/realOS/sysroot/usr/lib/libc.a(malloc.o)
                0x0000000008002f8c                last_addr
                0x0000000008002f90                base_addr
 .bss           0x0000000008002f94        0xc /home/king/realOS/sysroot/usr/lib/libc.a(init.o)
                0x0000000008002f94                stderr
                0x0000000008002f98                stdout
                0x0000000008002f9c                stdin
 *(COMMON)
                0x0000000008002fa0                . = ALIGN ((. != 0x0)?0x4:0x1)
                0x0000000008002fa0                . = ALIGN (0x4)
                0x0000000008002fa0                . = SEGMENT_START ("ldata-segment", .)
                0x0000000008002fa0                . = ALIGN (0x4)
                0x0000000008002fa0                _end = .
                [!provide]                        PROVIDE (end = .)
                0x0000000008002fa0                . = DATA_SEGMENT_END (.)

.stab
 *(.stab)

.stabstr
 *(.stabstr)

.stab.excl
 *(.stab.excl)

.stab.exclstr
 *(.stab.exclstr)

.stab.index
 *(.stab.index)

.stab.indexstr
 *(.stab.indexstr)

.comment        0x0000000000000000       0x2c
 *(.comment)
 .comment       0x0000000000000000        0xd /home/king/osst/lib/gcc/i686-myos/12.2.0/crti.o
                                          0xe (size before relaxing)
 .comment       0x000000000000000d       0x12 /home/king/osst/lib/gcc/i686-myos/12.2.0/crtbegin.o
                                         0x13 (size before relaxing)
 .comment       0x000000000000001f       0x13 build/main.o
 .comment       0x000000000000001f       0x13 /home/king/realOS/sysroot/usr/lib/libc.a(__init_libc.o)
 .comment       0x000000000000001f       0x13 /home/king/realOS/sysroot/usr/lib/libc.a(printf.o)
 .comment       0x000000000000001f       0x13 /home/king/realOS/sysroot/usr/lib/libc.a(putchar.o)
 .comment       0x000000000000001f       0x13 /home/king/realOS/sysroot/usr/lib/libc.a(puts.o)
 .comment       0x000000000000001f       0x13 /home/king/realOS/sysroot/usr/lib/libc.a(malloc.o)
 .comment       0x000000000000001f       0x13 /home/king/realOS/sysroot/usr/lib/libc.a(abort.o)
 .comment       0x000000000000001f       0x13 /home/king/realOS/sysroot/usr/lib/libc.a(exit.o)
 .comment       0x000000000000001f       0x13 /home/king/realOS/sysroot/usr/lib/libc.a(init.o)
 .comment       0x000000000000001f       0x13 /home/king/realOS/sysroot/usr/lib/libc.a(compound.o)
 .comment       0x000000000000001f       0x13 /home/king/realOS/sysroot/usr/lib/libc.a(formatted.o)
 .comment       0x000000000000001f       0x13 /home/king/realOS/sysroot/usr/lib/libc.a(ui.o)
 .comment       0x000000000000001f       0x13 /home/king/realOS/sysroot/usr/lib/libc.a(syscalls.o)
 .comment       0x000000000000001f       0x13 /home/king/realOS/sysroot/usr/lib/libc.a(memcpy.o)
 .comment       0x000000000000001f       0x13 /home/king/realOS/sysroot/usr/lib/libc.a(strlen.o)
 .comment       0x000000000000001f       0x13 /home/king/realOS/sysroot/usr/lib/libc.a(sscanf.o)
 .comment       0x000000000000001f       0x13 /home/king/realOS/sysroot/usr/lib/libc.a(isspace.o)
 .comment       0x000000000000001f       0x13 /home/king/osst/lib/gcc/i686-myos/12.2.0/libgcc.a(_udivdi3.o)
 .comment       0x000000000000001f       0x13 /home/king/osst/lib/gcc/i686-myos/12.2.0/crtend.o
 .comment       0x000000000000001f        0xd /home/king/osst/lib/gcc/i686-myos/12.2.0/crtn.o
                                          0xe (size before relaxing)

.gnu.build.attributes
 *(.gnu.build.attributes .gnu.build.attributes.*)

.debug
 *(.debug)

.line
 *(.line)

.debug_srcinfo
 *(.debug_srcinfo)

.debug_sfnames
 *(.debug_sfnames)

.debug_aranges  0x0000000000000000      0x288
 *(.debug_aranges)
 .debug_aranges
                0x0000000000000000       0x20 /home/king/realOS/sysroot/usr/lib/crt0.o
 .debug_aranges
                0x0000000000000020       0x28 build/main.o
 .debug_aranges
                0x0000000000000048       0x20 /home/king/realOS/sysroot/usr/lib/libc.a(__init_libc.o)
 .debug_aranges
                0x0000000000000068       0x20 /home/king/realOS/sysroot/usr/lib/libc.a(printf.o)
 .debug_aranges
                0x0000000000000088       0x20 /home/king/realOS/sysroot/usr/lib/libc.a(putchar.o)
 .debug_aranges
                0x00000000000000a8       0x20 /home/king/realOS/sysroot/usr/lib/libc.a(puts.o)
 .debug_aranges
                0x00000000000000c8       0x20 /home/king/realOS/sysroot/usr/lib/libc.a(malloc.o)
 .debug_aranges
                0x00000000000000e8       0x20 /home/king/realOS/sysroot/usr/lib/libc.a(abort.o)
 .debug_aranges
                0x0000000000000108       0x20 /home/king/realOS/sysroot/usr/lib/libc.a(exit.o)
 .debug_aranges
                0x0000000000000128       0x20 /home/king/realOS/sysroot/usr/lib/libc.a(init.o)
 .debug_aranges
                0x0000000000000148       0x20 /home/king/realOS/sysroot/usr/lib/libc.a(compound.o)
 .debug_aranges
                0x0000000000000168       0x20 /home/king/realOS/sysroot/usr/lib/libc.a(formatted.o)
 .debug_aranges
                0x0000000000000188       0x20 /home/king/realOS/sysroot/usr/lib/libc.a(ui.o)
 .debug_aranges
                0x00000000000001a8       0x20 /home/king/realOS/sysroot/usr/lib/libc.a(syscall_helpers.o)
 .debug_aranges
                0x00000000000001c8       0x20 /home/king/realOS/sysroot/usr/lib/libc.a(syscalls.o)
 .debug_aranges
                0x00000000000001e8       0x20 /home/king/realOS/sysroot/usr/lib/libc.a(memcpy.o)
 .debug_aranges
                0x0000000000000208       0x20 /home/king/realOS/sysroot/usr/lib/libc.a(strlen.o)
 .debug_aranges
                0x0000000000000228       0x20 /home/king/realOS/sysroot/usr/lib/libc.a(sscanf.o)
 .debug_aranges
                0x0000000000000248       0x20 /home/king/realOS/sysroot/usr/lib/libc.a(isspace.o)
 .debug_aranges
                0x0000000000000268       0x20 /home/king/osst/lib/gcc/i686-myos/12.2.0/libgcc.a(_udivdi3.o)

.debug_pubnames
 *(.debug_pubnames)

.debug_info     0x0000000000000000     0x3591
 *(.debug_info .gnu.linkonce.wi.*)
 .debug_info    0x0000000000000000       0x2f /home/king/realOS/sysroot/usr/lib/crt0.o
 .debug_info    0x000000000000002f      0x924 build/main.o
 .debug_info    0x0000000000000953      0x13d /home/king/realOS/sysroot/usr/lib/libc.a(__init_libc.o)
 .debug_info    0x0000000000000a90      0x469 /home/king/realOS/sysroot/usr/lib/libc.a(printf.o)
 .debug_info    0x0000000000000ef9      0x11a /home/king/realOS/sysroot/usr/lib/libc.a(putchar.o)
 .debug_info    0x0000000000001013      0x14b /home/king/realOS/sysroot/usr/lib/libc.a(puts.o)
 .debug_info    0x000000000000115e      0x19e /home/king/realOS/sysroot/usr/lib/libc.a(malloc.o)
 .debug_info    0x00000000000012fc      0x133 /home/king/realOS/sysroot/usr/lib/libc.a(abort.o)
 .debug_info    0x000000000000142f       0x78 /home/king/realOS/sysroot/usr/lib/libc.a(exit.o)
 .debug_info    0x00000000000014a7      0x8a1 /home/king/realOS/sysroot/usr/lib/libc.a(init.o)
 .debug_info    0x0000000000001d48      0x51a /home/king/realOS/sysroot/usr/lib/libc.a(compound.o)
 .debug_info    0x0000000000002262      0x600 /home/king/realOS/sysroot/usr/lib/libc.a(formatted.o)
 .debug_info    0x0000000000002862      0x15c /home/king/realOS/sysroot/usr/lib/libc.a(ui.o)
 .debug_info    0x00000000000029be       0x25 /home/king/realOS/sysroot/usr/lib/libc.a(syscall_helpers.o)
 .debug_info    0x00000000000029e3      0x272 /home/king/realOS/sysroot/usr/lib/libc.a(syscalls.o)
 .debug_info    0x0000000000002c55      0x1a0 /home/king/realOS/sysroot/usr/lib/libc.a(memcpy.o)
 .debug_info    0x0000000000002df5       0xb2 /home/king/realOS/sysroot/usr/lib/libc.a(strlen.o)
 .debug_info    0x0000000000002ea7      0x2d7 /home/king/realOS/sysroot/usr/lib/libc.a(sscanf.o)
 .debug_info    0x000000000000317e       0x7a /home/king/realOS/sysroot/usr/lib/libc.a(isspace.o)
 .debug_info    0x00000000000031f8      0x399 /home/king/osst/lib/gcc/i686-myos/12.2.0/libgcc.a(_udivdi3.o)

.debug_abbrev   0x0000000000000000     0x1597
 *(.debug_abbrev)
 .debug_abbrev  0x0000000000000000       0x21 /home/king/realOS/sysroot/usr/lib/crt0.o
 .debug_abbrev  0x0000000000000021      0x24d build/main.o
 .debug_abbrev  0x000000000000026e       0x8e /home/king/realOS/sysroot/usr/lib/libc.a(__init_libc.o)
 .debug_abbrev  0x00000000000002fc      0x1d6 /home/king/realOS/sysroot/usr/lib/libc.a(printf.o)
 .debug_abbrev  0x00000000000004d2       0x82 /home/king/realOS/sysroot/usr/lib/libc.a(putchar.o)
 .debug_abbrev  0x0000000000000554       0xc1 /home/king/realOS/sysroot/usr/lib/libc.a(puts.o)
 .debug_abbrev  0x0000000000000615       0xef /home/king/realOS/sysroot/usr/lib/libc.a(malloc.o)
 .debug_abbrev  0x0000000000000704       0xae /home/king/realOS/sysroot/usr/lib/libc.a(abort.o)
 .debug_abbrev  0x00000000000007b2       0x57 /home/king/realOS/sysroot/usr/lib/libc.a(exit.o)
 .debug_abbrev  0x0000000000000809      0x2ef /home/king/realOS/sysroot/usr/lib/libc.a(init.o)
 .debug_abbrev  0x0000000000000af8      0x1bb /home/king/realOS/sysroot/usr/lib/libc.a(compound.o)
 .debug_abbrev  0x0000000000000cb3      0x262 /home/king/realOS/sysroot/usr/lib/libc.a(formatted.o)
 .debug_abbrev  0x0000000000000f15       0xbb /home/king/realOS/sysroot/usr/lib/libc.a(ui.o)
 .debug_abbrev  0x0000000000000fd0       0x14 /home/king/realOS/sysroot/usr/lib/libc.a(syscall_helpers.o)
 .debug_abbrev  0x0000000000000fe4       0xed /home/king/realOS/sysroot/usr/lib/libc.a(syscalls.o)
 .debug_abbrev  0x00000000000010d1       0xfe /home/king/realOS/sysroot/usr/lib/libc.a(memcpy.o)
 .debug_abbrev  0x00000000000011cf       0x8e /home/king/realOS/sysroot/usr/lib/libc.a(strlen.o)
 .debug_abbrev  0x000000000000125d      0x157 /home/king/realOS/sysroot/usr/lib/libc.a(sscanf.o)
 .debug_abbrev  0x00000000000013b4       0x59 /home/king/realOS/sysroot/usr/lib/libc.a(isspace.o)
 .debug_abbrev  0x000000000000140d      0x18a /home/king/osst/lib/gcc/i686-myos/12.2.0/libgcc.a(_udivdi3.o)

.debug_line     0x0000000000000000     0x1d01
 *(.debug_line .debug_line.* .debug_line_end)
 .debug_line    0x0000000000000000       0x59 /home/king/realOS/sysroot/usr/lib/crt0.o
 .debug_line    0x0000000000000059      0x5ae build/main.o
 .debug_line    0x0000000000000607       0x5b /home/king/realOS/sysroot/usr/lib/libc.a(__init_libc.o)
 .debug_line    0x0000000000000662      0x1e3 /home/king/realOS/sysroot/usr/lib/libc.a(printf.o)
 .debug_line    0x0000000000000845       0x5e /home/king/realOS/sysroot/usr/lib/libc.a(putchar.o)
 .debug_line    0x00000000000008a3       0x60 /home/king/realOS/sysroot/usr/lib/libc.a(puts.o)
 .debug_line    0x0000000000000903      0x11f /home/king/realOS/sysroot/usr/lib/libc.a(malloc.o)
 .debug_line    0x0000000000000a22       0x87 /home/king/realOS/sysroot/usr/lib/libc.a(abort.o)
 .debug_line    0x0000000000000aa9       0x57 /home/king/realOS/sysroot/usr/lib/libc.a(exit.o)
 .debug_line    0x0000000000000b00      0x5c6 /home/king/realOS/sysroot/usr/lib/libc.a(init.o)
 .debug_line    0x00000000000010c6      0x1e4 /home/king/realOS/sysroot/usr/lib/libc.a(compound.o)
 .debug_line    0x00000000000012aa      0x2f5 /home/king/realOS/sysroot/usr/lib/libc.a(formatted.o)
 .debug_line    0x000000000000159f       0x7f /home/king/realOS/sysroot/usr/lib/libc.a(ui.o)
 .debug_line    0x000000000000161e       0x71 /home/king/realOS/sysroot/usr/lib/libc.a(syscall_helpers.o)
 .debug_line    0x000000000000168f       0xc5 /home/king/realOS/sysroot/usr/lib/libc.a(syscalls.o)
 .debug_line    0x0000000000001754       0x72 /home/king/realOS/sysroot/usr/lib/libc.a(memcpy.o)
 .debug_line    0x00000000000017c6       0x77 /home/king/realOS/sysroot/usr/lib/libc.a(strlen.o)
 .debug_line    0x000000000000183d      0x2cb /home/king/realOS/sysroot/usr/lib/libc.a(sscanf.o)
 .debug_line    0x0000000000001b08       0x77 /home/king/realOS/sysroot/usr/lib/libc.a(isspace.o)
 .debug_line    0x0000000000001b7f      0x182 /home/king/osst/lib/gcc/i686-myos/12.2.0/libgcc.a(_udivdi3.o)

.debug_frame    0x0000000000000000      0x840
 *(.debug_frame)
 .debug_frame   0x0000000000000000       0xa0 build/main.o
 .debug_frame   0x00000000000000a0       0x24 /home/king/realOS/sysroot/usr/lib/libc.a(__init_libc.o)
 .debug_frame   0x00000000000000c4       0xac /home/king/realOS/sysroot/usr/lib/libc.a(printf.o)
 .debug_frame   0x0000000000000170       0x34 /home/king/realOS/sysroot/usr/lib/libc.a(putchar.o)
 .debug_frame   0x00000000000001a4       0x34 /home/king/realOS/sysroot/usr/lib/libc.a(puts.o)
 .debug_frame   0x00000000000001d8       0x68 /home/king/realOS/sysroot/usr/lib/libc.a(malloc.o)
 .debug_frame   0x0000000000000240       0x2c /home/king/realOS/sysroot/usr/lib/libc.a(abort.o)
 .debug_frame   0x000000000000026c       0x24 /home/king/realOS/sysroot/usr/lib/libc.a(exit.o)
 .debug_frame   0x0000000000000290      0x200 /home/king/realOS/sysroot/usr/lib/libc.a(init.o)
 .debug_frame   0x0000000000000490       0xa8 /home/king/realOS/sysroot/usr/lib/libc.a(compound.o)
 .debug_frame   0x0000000000000538       0xbc /home/king/realOS/sysroot/usr/lib/libc.a(formatted.o)
 .debug_frame   0x00000000000005f4       0x54 /home/king/realOS/sysroot/usr/lib/libc.a(ui.o)
 .debug_frame   0x0000000000000648       0xb4 /home/king/realOS/sysroot/usr/lib/libc.a(syscalls.o)
 .debug_frame   0x00000000000006fc       0x34 /home/king/realOS/sysroot/usr/lib/libc.a(memcpy.o)
 .debug_frame   0x0000000000000730       0x34 /home/king/realOS/sysroot/usr/lib/libc.a(strlen.o)
 .debug_frame   0x0000000000000764       0xa0 /home/king/realOS/sysroot/usr/lib/libc.a(sscanf.o)
 .debug_frame   0x0000000000000804       0x3c /home/king/realOS/sysroot/usr/lib/libc.a(isspace.o)

.debug_str      0x0000000000000000     0x3a37
 *(.debug_str)
 .debug_str     0x0000000000000000       0x3b /home/king/realOS/sysroot/usr/lib/crt0.o
 .debug_str     0x000000000000003b     0x3667 build/main.o
                                       0x38b4 (size before relaxing)
 .debug_str     0x00000000000036a2       0x6c /home/king/realOS/sysroot/usr/lib/libc.a(__init_libc.o)
                                        0x12b (size before relaxing)
 .debug_str     0x000000000000370e       0x61 /home/king/realOS/sysroot/usr/lib/libc.a(printf.o)
                                        0x2b7 (size before relaxing)
 .debug_str     0x000000000000376f      0x118 /home/king/realOS/sysroot/usr/lib/libc.a(putchar.o)
 .debug_str     0x000000000000376f        0x7 /home/king/realOS/sysroot/usr/lib/libc.a(puts.o)
                                        0x123 (size before relaxing)
 .debug_str     0x0000000000003776       0x27 /home/king/realOS/sysroot/usr/lib/libc.a(malloc.o)
                                        0x14f (size before relaxing)
 .debug_str     0x000000000000379d      0x11d /home/king/realOS/sysroot/usr/lib/libc.a(abort.o)
 .debug_str     0x000000000000379d        0xc /home/king/realOS/sysroot/usr/lib/libc.a(exit.o)
                                         0x9c (size before relaxing)
 .debug_str     0x00000000000037a9       0xa3 /home/king/realOS/sysroot/usr/lib/libc.a(init.o)
                                        0x32b (size before relaxing)
 .debug_str     0x000000000000384c       0x1c /home/king/realOS/sysroot/usr/lib/libc.a(compound.o)
                                        0x281 (size before relaxing)
 .debug_str     0x0000000000003868       0x3d /home/king/realOS/sysroot/usr/lib/libc.a(formatted.o)
                                        0x2fb (size before relaxing)
 .debug_str     0x00000000000038a5       0x17 /home/king/realOS/sysroot/usr/lib/libc.a(ui.o)
                                         0xc0 (size before relaxing)
 .debug_str     0x00000000000038bc       0x1b /home/king/realOS/sysroot/usr/lib/libc.a(syscall_helpers.o)
                                         0x3e (size before relaxing)
 .debug_str     0x00000000000038d7        0xa /home/king/realOS/sysroot/usr/lib/libc.a(syscalls.o)
                                         0xaf (size before relaxing)
 .debug_str     0x00000000000038e1        0xe /home/king/realOS/sysroot/usr/lib/libc.a(memcpy.o)
                                        0x141 (size before relaxing)
 .debug_str     0x00000000000038ef       0xa3 /home/king/realOS/sysroot/usr/lib/libc.a(strlen.o)
 .debug_str     0x00000000000038ef       0x29 /home/king/realOS/sysroot/usr/lib/libc.a(sscanf.o)
                                        0x17e (size before relaxing)
 .debug_str     0x0000000000003918       0x98 /home/king/realOS/sysroot/usr/lib/libc.a(isspace.o)
 .debug_str     0x0000000000003918      0x11f /home/king/osst/lib/gcc/i686-myos/12.2.0/libgcc.a(_udivdi3.o)
                                        0x203 (size before relaxing)

.debug_loc
 *(.debug_loc)

.debug_macinfo
 *(.debug_macinfo)

.debug_weaknames
 *(.debug_weaknames)

.debug_funcnames
 *(.debug_funcnames)

.debug_typenames
 *(.debug_typenames)

.debug_varnames
 *(.debug_varnames)

.debug_pubtypes
 *(.debug_pubtypes)

.debug_ranges
 *(.debug_ranges)

.debug_addr
 *(.debug_addr)

.debug_line_str
                0x0000000000000000      0x308
 *(.debug_line_str)
 .debug_line_str
                0x0000000000000000       0x28 /home/king/realOS/sysroot/usr/lib/crt0.o
 .debug_line_str
                0x0000000000000028      0x12c build/main.o
                                        0x15d (size before relaxing)
 .debug_line_str
                0x0000000000000154       0x18 /home/king/realOS/sysroot/usr/lib/libc.a(__init_libc.o)
                                         0x72 (size before relaxing)
 .debug_line_str
                0x000000000000016c       0x15 /home/king/realOS/sysroot/usr/lib/libc.a(printf.o)
                                         0xb0 (size before relaxing)
 .debug_line_str
                0x0000000000000181       0x10 /home/king/realOS/sysroot/usr/lib/libc.a(putchar.o)
                                         0x68 (size before relaxing)
 .debug_line_str
                0x0000000000000191        0xd /home/king/realOS/sysroot/usr/lib/libc.a(puts.o)
                                         0x5f (size before relaxing)
 .debug_line_str
                0x000000000000019e       0x17 /home/king/realOS/sysroot/usr/lib/libc.a(malloc.o)
                                         0xa1 (size before relaxing)
 .debug_line_str
                0x00000000000001b5       0x16 /home/king/realOS/sysroot/usr/lib/libc.a(abort.o)
                                         0x64 (size before relaxing)
 .debug_line_str
                0x00000000000001cb        0xe /home/king/realOS/sysroot/usr/lib/libc.a(exit.o)
                                         0x51 (size before relaxing)
 .debug_line_str
                0x00000000000001d9       0x18 /home/king/realOS/sysroot/usr/lib/libc.a(init.o)
                                         0xbe (size before relaxing)
 .debug_line_str
                0x00000000000001f1       0x11 /home/king/realOS/sysroot/usr/lib/libc.a(compound.o)
                                         0xbf (size before relaxing)
 .debug_line_str
                0x0000000000000202       0x12 /home/king/realOS/sysroot/usr/lib/libc.a(formatted.o)
                                         0xcb (size before relaxing)
 .debug_line_str
                0x0000000000000214        0xb /home/king/realOS/sysroot/usr/lib/libc.a(ui.o)
                                         0x56 (size before relaxing)
 .debug_line_str
                0x000000000000021f       0x1b /home/king/realOS/sysroot/usr/lib/libc.a(syscall_helpers.o)
                                         0x32 (size before relaxing)
 .debug_line_str
                0x000000000000023a       0x14 /home/king/realOS/sysroot/usr/lib/libc.a(syscalls.o)
                                         0x74 (size before relaxing)
 .debug_line_str
                0x000000000000024e       0x10 /home/king/realOS/sysroot/usr/lib/libc.a(memcpy.o)
                                         0xa1 (size before relaxing)
 .debug_line_str
                0x000000000000025e       0x10 /home/king/realOS/sysroot/usr/lib/libc.a(strlen.o)
                                         0x91 (size before relaxing)
 .debug_line_str
                0x000000000000026e        0xf /home/king/realOS/sysroot/usr/lib/libc.a(sscanf.o)
                                         0x9f (size before relaxing)
 .debug_line_str
                0x000000000000027d       0x16 /home/king/realOS/sysroot/usr/lib/libc.a(isspace.o)
                                         0x58 (size before relaxing)
 .debug_line_str
                0x0000000000000293       0x75 /home/king/osst/lib/gcc/i686-myos/12.2.0/libgcc.a(_udivdi3.o)
                                         0xe2 (size before relaxing)

.debug_loclists
                0x0000000000000000     0x1174
 *(.debug_loclists)
 .debug_loclists
                0x0000000000000000      0x1b3 build/main.o
 .debug_loclists
                0x00000000000001b3      0x104 /home/king/realOS/sysroot/usr/lib/libc.a(printf.o)
 .debug_loclists
                0x00000000000002b7       0x15 /home/king/realOS/sysroot/usr/lib/libc.a(puts.o)
 .debug_loclists
                0x00000000000002cc       0x37 /home/king/realOS/sysroot/usr/lib/libc.a(malloc.o)
 .debug_loclists
                0x0000000000000303       0x15 /home/king/realOS/sysroot/usr/lib/libc.a(exit.o)
 .debug_loclists
                0x0000000000000318      0x275 /home/king/realOS/sysroot/usr/lib/libc.a(init.o)
 .debug_loclists
                0x000000000000058d      0x163 /home/king/realOS/sysroot/usr/lib/libc.a(compound.o)
 .debug_loclists
                0x00000000000006f0      0x299 /home/king/realOS/sysroot/usr/lib/libc.a(formatted.o)
 .debug_loclists
                0x0000000000000989       0x5a /home/king/realOS/sysroot/usr/lib/libc.a(ui.o)
 .debug_loclists
                0x00000000000009e3       0xb4 /home/king/realOS/sysroot/usr/lib/libc.a(syscalls.o)
 .debug_loclists
                0x0000000000000a97       0x36 /home/king/realOS/sysroot/usr/lib/libc.a(memcpy.o)
 .debug_loclists
                0x0000000000000acd       0x2c /home/king/realOS/sysroot/usr/lib/libc.a(strlen.o)
 .debug_loclists
                0x0000000000000af9      0x24d /home/king/realOS/sysroot/usr/lib/libc.a(sscanf.o)
 .debug_loclists
                0x0000000000000d46       0x24 /home/king/realOS/sysroot/usr/lib/libc.a(isspace.o)
 .debug_loclists
                0x0000000000000d6a      0x40a /home/king/osst/lib/gcc/i686-myos/12.2.0/libgcc.a(_udivdi3.o)

.debug_macro    0x0000000000000000      0xdeb
 *(.debug_macro)
 .debug_macro   0x0000000000000000       0x9e build/main.o
 .debug_macro   0x000000000000009e      0x7ba build/main.o
 .debug_macro   0x0000000000000858       0x10 build/main.o
 .debug_macro   0x0000000000000868      0x189 build/main.o
 .debug_macro   0x00000000000009f1       0x58 build/main.o
 .debug_macro   0x0000000000000a49      0x34e build/main.o
 .debug_macro   0x0000000000000d97       0x22 build/main.o
 .debug_macro   0x0000000000000db9       0x22 build/main.o
 .debug_macro   0x0000000000000ddb       0x10 build/main.o

.debug_names
 *(.debug_names)

.debug_rnglists
                0x0000000000000000      0x141
 *(.debug_rnglists)
 .debug_rnglists
                0x0000000000000000       0x56 build/main.o
 .debug_rnglists
                0x0000000000000056       0x2b /home/king/realOS/sysroot/usr/lib/libc.a(printf.o)
 .debug_rnglists
                0x0000000000000081       0x27 /home/king/realOS/sysroot/usr/lib/libc.a(init.o)
 .debug_rnglists
                0x00000000000000a8       0x17 /home/king/realOS/sysroot/usr/lib/libc.a(compound.o)
 .debug_rnglists
                0x00000000000000bf       0x41 /home/king/realOS/sysroot/usr/lib/libc.a(formatted.o)
 .debug_rnglists
                0x0000000000000100       0x17 /home/king/realOS/sysroot/usr/lib/libc.a(sscanf.o)
 .debug_rnglists
                0x0000000000000117       0x2a /home/king/osst/lib/gcc/i686-myos/12.2.0/libgcc.a(_udivdi3.o)

.debug_str_offsets
 *(.debug_str_offsets)

.debug_sup
 *(.debug_sup)

.gnu.attributes
 *(.gnu.attributes)

/DISCARD/
 *(.note.GNU-stack)
 *(.gnu_debuglink)
 *(.gnu.lto_*)
OUTPUT(top.elf elf32-i386)
